07:53:54,234 urllib3.connectionpool DEBUG Starting new HTTP connection (1): 127.0.0.1:8000
07:53:55,114 urllib3.connectionpool DEBUG http://127.0.0.1:8000 "POST /recommendations?user_id=47 HTTP/1.1" 200 408
07:53:55,114 root INFO Полученные идентификаторы рекомендаций: {'recs': [977, 975, 973, 971, 969, 968, 967, 966, 965, 940, 910, 909, 906, 904, 899, 896, 893, 869, 867, 865, 863, 861, 860, 859, 858, 857, 856, 829, 825, 810, 806, 802, 795, 764, 715, 713, 676, 649, 643, 633, 599, 594, 587, 586, 564, 563, 562, 561, 560, 559, 558, 557, 556, 555, 554, 553, 552, 551, 550, 549, 523, 522, 458, 436, 422, 382, 379, 376, 372, 369, 367, 364, 361, 357, 353, 346, 344, 332, 329, 327, 321, 223, 220, 151, 150, 149, 148, 147, 146, 145, 144, 143, 141, 140, 139, 138, 136, 135, 38, 26]}
07:53:55,115 urllib3.connectionpool DEBUG Starting new HTTP connection (1): 127.0.0.1:8000
07:53:56,24 urllib3.connectionpool DEBUG http://127.0.0.1:8000 "POST /recommendations?user_id=47000000000 HTTP/1.1" 200 876
07:53:56,25 root INFO Полученные идентификаторы рекомендаций: {'recs': [47627256, 51516485, 24692821, 32947997, 55561798, 17079396, 33977439, 78426489, 37258117, 66322065, 56776952, 61565558, 58515506, 81848875, 84382282, 75642961, 78824202, 70619465, 72055319, 68348390, 50834580, 40548548, 694683, 19152669, 71308883, 17902234, 9047114, 58723120, 62554116, 38572747, 732401, 62244864, 45130892, 68938482, 40828285, 51165489, 3616433, 39307896, 38646012, 78608850, 2278985, 37572518, 66207528, 84382287, 78194999, 53996716, 62208587, 41883693, 41280535, 2192826, 70274628, 630670, 69459326, 68070362, 84019953, 10270285, 2786721, 29213451, 679169, 67538121, 66853268, 628970, 61843244, 52946333, 52974547, 29175370, 51452575, 54559574, 53733790, 37849394, 647040, 82783144, 148345, 646516, 68676518, 28153139, 54837415, 595258, 560473, 22020621, 39632975, 60725745, 85660864, 31746480, 59841792, 1695498, 78094569, 62352385, 765627, 37232253, 34942409, 32291816, 65883450, 24134844, 805089, 672687, 73538338, 63589631, 78814159, 654151]}
07:53:56,26 urllib3.connectionpool DEBUG Starting new HTTP connection (1): 127.0.0.1:8000
07:53:56,49 urllib3.connectionpool DEBUG http://127.0.0.1:8000 "GET /load_recommendations?rec_type=default&file_path=top_popular.parquet HTTP/1.1" 200 4
07:53:56,50 root INFO status_code: 200
07:53:56,51 urllib3.connectionpool DEBUG Starting new HTTP connection (1): 127.0.0.1:8000
07:53:56,52 urllib3.connectionpool DEBUG http://127.0.0.1:8000 "GET /get_statistics HTTP/1.1" 200 54
07:53:56,53 root INFO {'request_personal_count': 9, 'request_default_count': 5}
07:53:56,53 urllib3.connectionpool DEBUG Starting new HTTP connection (1): 127.0.0.1:8000
07:53:56,54 urllib3.connectionpool DEBUG http://127.0.0.1:8000 "POST /get_user_events?user_id=16&k=10 HTTP/1.1" 200 99
07:53:56,54 root INFO {'events': [38646012, 19152669, 646516, 630670, 679169, 38646012, 19152669, 646516, 630670, 679169, 38646012]}
07:53:56,55 urllib3.connectionpool DEBUG Starting new HTTP connection (1): 127.0.0.1:8000
07:53:56,56 urllib3.connectionpool DEBUG http://127.0.0.1:8000 "POST /put_user_event?user_id=16&item_id=679169 HTTP/1.1" 200 15
07:53:56,56 root INFO {'result': 'ok'}
07:53:56,57 urllib3.connectionpool DEBUG Starting new HTTP connection (1): 127.0.0.1:8000
07:53:56,58 urllib3.connectionpool DEBUG http://127.0.0.1:8000 "POST /put_user_event?user_id=16&item_id=630670 HTTP/1.1" 200 15
07:53:56,58 root INFO {'result': 'ok'}
07:53:56,59 urllib3.connectionpool DEBUG Starting new HTTP connection (1): 127.0.0.1:8000
07:53:56,59 urllib3.connectionpool DEBUG http://127.0.0.1:8000 "POST /put_user_event?user_id=16&item_id=646516 HTTP/1.1" 200 15
07:53:56,60 root INFO {'result': 'ok'}
07:53:56,60 urllib3.connectionpool DEBUG Starting new HTTP connection (1): 127.0.0.1:8000
07:53:56,61 urllib3.connectionpool DEBUG http://127.0.0.1:8000 "POST /put_user_event?user_id=16&item_id=19152669 HTTP/1.1" 200 15
07:53:56,62 root INFO {'result': 'ok'}
07:53:56,62 urllib3.connectionpool DEBUG Starting new HTTP connection (1): 127.0.0.1:8000
07:53:56,63 urllib3.connectionpool DEBUG http://127.0.0.1:8000 "POST /put_user_event?user_id=16&item_id=38646012 HTTP/1.1" 200 15
07:53:56,64 root INFO {'result': 'ok'}
07:53:56,64 urllib3.connectionpool DEBUG Starting new HTTP connection (1): 127.0.0.1:8000
07:53:56,65 urllib3.connectionpool DEBUG http://127.0.0.1:8000 "POST /get_user_events?user_id=16&k=10 HTTP/1.1" 200 99
07:53:56,65 root INFO {'events': [38646012, 19152669, 646516, 630670, 679169, 38646012, 19152669, 646516, 630670, 679169, 38646012]}
07:53:56,66 urllib3.connectionpool DEBUG Starting new HTTP connection (1): 127.0.0.1:8000
07:53:56,490 urllib3.connectionpool DEBUG http://127.0.0.1:8000 "POST /get_online_u2i?user_id=16&k=100&N=10 HTTP/1.1" 200 215
07:53:56,491 root INFO {'recs': [672687, 647040, 654151, 694683, 38646012, 679169, 17530540, 24134844, 148345, 52974547, 28153139, 36318777, 33951983, 2409790, 19174514, 43771219, 628970, 56027279, 24112220, 2280250, 646516, 39632975, 370429, 82230036, 37232253]}
07:53:56,491 urllib3.connectionpool DEBUG Starting new HTTP connection (1): 127.0.0.1:8000
07:53:57,859 urllib3.connectionpool DEBUG http://127.0.0.1:8000 "POST /recommendations?user_id=16 HTTP/1.1" 200 990
07:53:57,860 root INFO Полученные идентификаторы рекомендаций: {'recs': [672687, 2278985, 647040, 3616433, 654151, 630670, 694683, 10270285, 38646012, 22020621, 679169, 31746480, 17530540, 24134844, 26285336, 148345, 28153139, 52974547, 2280250, 29213451, 36318777, 51165489, 33951983, 2409790, 68938482, 19174514, 58723120, 43771219, 32947997, 628970, 19152669, 56027279, 62554116, 24112220, 17902234, 29175370, 646516, 39917908, 39632975, 54837415, 370429, 82230036, 37232253, 68070362, 84019953, 78426489, 60725745, 732401, 52946333, 63589631, 62244864, 66207528, 59841792, 61843244, 78094569, 78824202, 595258, 49566979, 73538338, 54559574, 75630144, 61288362, 37258117, 2786721, 78814159, 78608850, 66322065, 65883450, 32291816, 732388, 70274628, 34942409, 75642961, 9047114, 70619465, 33977439, 78194999, 41883693, 82783144, 6009849, 42524949, 3931473, 17983633, 77696144, 28752773, 16400235, 66441786, 24901178, 55976678, 9518286, 70978910, 2673685, 8486874, 699796, 42359273, 13902999, 78121930, 49384769, 41715062, 43361692, 14077, 24344498, 23571054, 34480236, 55055654, 53566923, 21471200, 83798269, 60040173, 2042312, 15302254, 936943, 97707130, 3624648]}
